PASS enter link is a real link to /systems/
PASS opening: URL /systems/ with lab history state, dialog holds focus — {"url":"/systems/","active":"dialog"}
PASS opening: fade → fly → open, title switched — fade@1849 fly@5895 open@5910; title "Systems map · Donald Heddesheimer"
PASS open: frame at rest is a whole-pixel translate (sharp text), src /systems/screen/ — translate(36px, 156px); /systems/screen/
PASS frame shows the shared Overview console
PASS selecting cuCadence in the frame: URL ?sel=, Expand dashboard follows, state kept — /systems/?sel=project%3Acucadence; expand /systems/?sel=project%3Acucadence
PASS Escape in frame with map expanded collapses the map, lab stays open — lab open
PASS Escape in frame leaves: return flight, URL /, focus back on Enter the lab, title restored — return@11580 -@15953; /; focus enter-link; "Donald Heddesheimer"
PASS Forward reopens the lab at /systems/?sel=… and the frame restores the selection — /systems/?sel=project%3Acucadence; frame sel project:cucadence; fade@16012 fly@16978 open@19522
PASS Back closes the lab with the return flight — /; return@19572 -@22004
PASS Back during the flight in: lands, then returns; URL /; nothing left open — fade@22059 fly@23762 open@24490 return@24490 -@29334
PASS Forward during the return flight: reopens after landing, URL /systems/… — return@32589 -@35249 fade@35249 fly@36458 open@37536; /systems/
PASS Escape on the dialog leaves via Back: URL /, focus on Enter the lab — /; focus enter-link; return@37870 -@41523
PASS Back to portfolio button leaves, focus restored — focus enter-link
PASS activating the selected project node opens its case study in the window (not the frame)
PASS Back from the case study returns to the lab address (open lab if restored from bfcache, else the /systems/ page) — /systems/?sel=project%3Acucadence; the ordinary /systems/ page (not restored from bfcache)
PASS Refresh in the lab loads the ordinary /systems/ page with the selection — {"url":"/systems/?sel=project%3Acucadence","console":true,"dialog":false,"sel":"project:cucadence","embed":false,"header":true}
PASS Expand dashboard opens /systems/?sel=… as a page — {"url":"/systems/?sel=project%3Acucadence","sel":"project:cucadence","console":true}
PASS /systems/?sel=project:cucadence opens with that selection
PASS /systems/screen/ opened on its own redirects to /systems/ (keeping ?sel=) — http://127.0.0.1:4321/systems/?sel=project:cucadence
PASS clicking the monitor enters the lab — monitor at 732,444; fade@12446 fly@13943 open@14537
PASS …and Escape returns focus to Enter the lab (no focused opener) — focus enter-link
PASS open lab resized below 64rem: map fills the window under the bar, scene held — {"full":true,"running":"false","r":[0,56,900,644]}
FAIL …and back to 1440: framed on the monitor again, scene running — {"full":true,"running":"false","t":"translate(36px, 156px)"}
PASS no page errors or console errors (fonts/cert noise excluded)

24/25 passed
exit 0
