drawing buffer @1440x900 DPR 1: opening 864x792 (0.68 MP) for 864x792 CSS px; flying 1440x900 (1.30 MP) for 1440x900 CSS px; lab 1440x900 (1.30 MP) for 1440x900 CSS px; after return 864x792 (0.68 MP) for 864x792 CSS px; frame at rest translate(36px, 156px)
drawing buffer @1440x900 DPR 2: opening 1382x1267 (1.75 MP) for 864x792 CSS px; flying 1800x1125 (2.02 MP) for 1440x900 CSS px; lab 1800x1125 (2.02 MP) for 1440x900 CSS px; after return 1382x1267 (1.75 MP) for 864x792 CSS px; frame at rest translate(36px, 156px)
ERROR locator.click: Timeout 30000ms exceeded.
Call log:
[2m  - waiting for locator('.lab-frame').contentFrame().locator('.gn[data-id="project:cucadence"]').first()[22m
[2m    - locator resolved to <button type="button" tabindex="-1" data-ring="0.8" data-type="project" data-angle="2.4567" class="gn t-project" data-label="cuCadence" data-id="project:cucadence" data-href="/projects/cucadence/" aria-label="Project: cuCadence, active, 7 links">…</button>[22m
[2m  - attempting click action[22m
[2m    2 × waiting for element to be visible, enabled and stable[22m
[2m      - element is not visible[22m
[2m    - retrying click action[22m
[2m    - waiting 20ms[22m
[2m    2 × waiting for element to be visible, enabled and stable[22m
[2m      - element is not visible[22m
[2m    - retrying click action[22m
[2m      - waiting 100ms[22m
[2m    23 × waiting for element to be visible, enabled and stable[22m
[2m       - element is not visible[22m
[2m     - retrying click action[22m
[2m       - waiting 500ms[22m
[2m    - waiting for element to be visible, enabled and stable[22m

shots2 exit 1
