## desktop openings
console Failed to load resource: net::ERR_CERT_AUTHORITY_INVALID
console Failed to load resource: net::ERR_CERT_AUTHORITY_INVALID
console Failed to load resource: net::ERR_CERT_AUTHORITY_INVALID
## workstation, overview, cuCadence at 1440x900
console Failed to load resource: net::ERR_CERT_AUTHORITY_INVALID
console Failed to load resource: net::ERR_CERT_AUTHORITY_INVALID
console Failed to load resource: net::ERR_CERT_AUTHORITY_INVALID
{"title":"cuCadence · Portfolio","frame":{"x":159,"y":117,"width":1123,"height":702,"top":117,"right":1282,"bottom":819,"left":159},"ordinary":"/projects/cucadence/","focus":"pc-frame"}
## cuCadence scrolled 900px
console Failed to load resource: net::ERR_CERT_AUTHORITY_INVALID
console Failed to load resource: net::ERR_CERT_AUTHORITY_INVALID
console Failed to load resource: net::ERR_CERT_AUTHORITY_INVALID
{"title":"cuCadence · Portfolio","frame":{"x":159,"y":117,"width":1123,"height":702,"top":117,"right":1282,"bottom":819,"left":159},"ordinary":"/projects/cucadence/","focus":"pc-frame"}
## reduced motion
console Failed to load resource: net::ERR_CERT_AUTHORITY_INVALID
console Failed to load resource: net::ERR_CERT_AUTHORITY_INVALID
console Failed to load resource: net::ERR_CERT_AUTHORITY_INVALID
{"title":"cuCadence · Portfolio","frame":{"x":159,"y":117,"width":1123,"height":702,"top":117,"right":1282,"bottom":819,"left":159},"ordinary":"/projects/cucadence/","focus":"pc-frame"}
## phone 390x844: opening, then Selected work
console Failed to load resource: net::ERR_CERT_AUTHORITY_INVALID
{"hash":"#work","y":711,"pc":null}
## stacked 1024x768 (4:3, below the 3:2 gate)
console Failed to load resource: net::ERR_CERT_AUTHORITY_INVALID
{"hash":"#work","y":602,"pc":null}
