# look-click-drift 2026-09-28T02:34:08.915Z renderer="ANGLE (Apple, ANGLE Metal Renderer: Apple M5 Pro, Unspecified Version) (scene canvas)" server=http://127.0.0.1:4322
== 1440x900 renderer="ANGLE (Apple, ANGLE Metal Renderer: Apple M5 Pro, Unspecified Version) (scene canvas)" hold=20000ms every=250ms
rest {"lookAzMax":0.0685,"margins":{"screen":{"minX":96.2,"maxX":396.7,"minY":505.3,"maxY":688.8,"widthTop":293.5},"bezelPx":{"x":7.8,"y":7.2},"left":88.4,"right":1035.5,"top":498.1,"bottom":204.1}}
hold {"samples":80,"lookAz":[0.0559,0.0808],"lookAzMax":[0.0573,0.0929],"maxAzMinusMax":-0.0013,"bezelLeftPx":[23.7,32.4],"bezelBottomMinPx":212.9,"codeMarginPx":21.6,"framesPerSecond":64,"inside":"PASS"}
samples [ms, lookAz, lookAzMax, lookEl, bezelLeftPx, bezelBottomPx, frames]
[[3,0.0618,0.0641,0.0066,24.5,212.9,228],[254,0.0614,0.0636,0.0066,24.4,213,244],[505,0.061,0.0631,0.0066,24.3,213.2,260],[756,0.0606,0.0626,0.0066,24.3,213.4,276],[1005,0.0602,0.0622,0.0066,24.2,213.6,292],[1253,0.0599,0.0617,0.0066,24.1,213.8,308],[1502,0.0595,0.0613,0.0066,24.1,214,324],[1754,0.0592,0.0609,0.0066,24,214.2,340]]
[[2003,0.0588,0.0605,0.0066,24,214.4,356],[2253,0.0585,0.0602,0.0066,23.9,214.6,372],[2502,0.0582,0.0598,0.0066,23.9,214.8,388],[2753,0.0579,0.0595,0.0066,23.9,215,404],[3003,0.0576,0.0592,0.0066,23.8,215.2,420],[3252,0.0574,0.0589,0.0066,23.8,215.5,436],[3503,0.0572,0.0586,0.0066,23.8,215.7,452],[3753,0.0569,0.0584,0.0066,23.7,215.9,468]]
[[4003,0.0567,0.0582,0.0066,23.7,216.1,484],[4253,0.0566,0.058,0.0066,23.7,216.3,500],[4504,0.0564,0.0578,0.0066,23.7,216.5,516],[4753,0.0563,0.0577,0.0066,23.7,216.7,532],[5005,0.0561,0.0575,0.0066,23.7,217,548],[5254,0.056,0.0574,0.0066,23.7,217.2,564],[5504,0.056,0.0573,0.0066,23.7,217.4,580],[5755,0.0559,0.0573,0.0066,23.7,217.6,596]]
[[6004,0.0559,0.0573,0.0066,23.7,217.9,612],[6252,0.0559,0.0573,0.0066,23.7,218.1,628],[6502,0.0559,0.0573,0.0066,23.7,218.3,644],[6753,0.0559,0.0574,0.0066,23.7,218.5,660],[7003,0.056,0.0575,0.0066,23.8,218.8,676],[7253,0.0561,0.0576,0.0066,23.8,219,692],[7503,0.0562,0.0577,0.0066,23.8,219.2,708],[7753,0.0563,0.0579,0.0066,23.8,219.5,724]]
[[8003,0.0565,0.0581,0.0066,23.9,219.7,740],[8253,0.0566,0.0583,0.0066,23.9,219.9,756],[8503,0.0568,0.0586,0.0066,24,220.1,772],[8752,0.0571,0.0589,0.0066,24,220.4,788],[9003,0.0573,0.0591,0.0066,24.1,220.6,804],[9255,0.0576,0.0595,0.0066,24.1,220.8,820],[9504,0.0579,0.0598,0.0066,24.2,221.1,836],[9755,0.0582,0.0602,0.0066,24.2,221.3,852]]
[[10005,0.0585,0.0607,0.0066,24.3,221.5,868],[10254,0.0589,0.0611,0.0066,24.3,221.8,884],[10503,0.0593,0.0616,0.0066,24.4,222,900],[10752,0.0597,0.0621,0.0066,24.5,222.2,916],[11003,0.0601,0.0626,0.0066,24.6,222.5,932],[11253,0.0605,0.0632,0.0066,24.7,222.7,948],[11503,0.061,0.0638,0.0066,24.8,222.9,964],[11753,0.0615,0.0643,0.0066,24.9,223.2,980]]
[[12003,0.062,0.065,0.0066,25,223.4,996],[12253,0.0625,0.0656,0.0066,25.1,223.6,1012],[12502,0.063,0.0663,0.0066,25.2,223.8,1028],[12752,0.0635,0.067,0.0066,25.3,224,1044],[13004,0.0641,0.0677,0.0066,25.5,224.3,1060],[13254,0.0646,0.0684,0.0066,25.6,224.5,1076],[13505,0.0652,0.0692,0.0066,25.8,224.7,1092],[13755,0.0658,0.07,0.0066,25.9,224.9,1108]]
[[14004,0.0664,0.0708,0.0066,26.1,225.1,1124],[14255,0.067,0.0716,0.0066,26.3,225.3,1140],[14503,0.0676,0.0724,0.0066,26.5,225.5,1156],[14753,0.0683,0.0733,0.0066,26.6,225.7,1172],[15003,0.0689,0.0742,0.0066,26.8,225.9,1188],[15253,0.0695,0.0751,0.0066,27.1,226.1,1204],[15503,0.0702,0.076,0.0066,27.3,226.2,1220],[15752,0.0708,0.0769,0.0066,27.5,226.4,1236]]
[[16002,0.0714,0.0778,0.0066,27.7,226.6,1252],[16253,0.0721,0.0788,0.0066,28,226.8,1268],[16503,0.0727,0.0797,0.0066,28.2,226.9,1284],[16753,0.0734,0.0807,0.0066,28.5,227.1,1300],[17003,0.074,0.0817,0.0066,28.8,227.3,1316],[17254,0.0747,0.0827,0.0066,29.1,227.4,1332],[17504,0.0753,0.0837,0.0066,29.4,227.6,1348],[17755,0.0759,0.0847,0.0066,29.7,227.7,1364]]
[[18004,0.0766,0.0857,0.0066,30,227.8,1380],[18255,0.0772,0.0867,0.0066,30.3,228,1396],[18503,0.0778,0.0877,0.0066,30.6,228.1,1412],[18752,0.0784,0.0888,0.0066,31,228.2,1428],[19003,0.079,0.0898,0.0066,31.3,228.3,1444],[19252,0.0796,0.0908,0.0066,31.7,228.4,1460],[19503,0.0802,0.0919,0.0066,32,228.5,1476],[19752,0.0808,0.0929,0.0066,32.4,228.6,1492]]
release {"backWithin001ms":1544,"lookAz":0.0077,"lookEl":0.0066,"pc":null}
== 1680x1050 renderer="ANGLE (Apple, ANGLE Metal Renderer: Apple M5 Pro, Unspecified Version) (scene canvas)" hold=20000ms every=250ms
rest {"lookAzMax":0.0685,"margins":{"screen":{"minX":112.2,"maxX":462.9,"minY":589.5,"maxY":803.5,"widthTop":342.4},"bezelPx":{"x":9.1,"y":8.4},"left":103.2,"right":1208.1,"top":581.2,"bottom":238.1}}
hold {"samples":80,"lookAz":[0.0559,0.0808],"lookAzMax":[0.0573,0.0929],"maxAzMinusMax":-0.0013,"bezelLeftPx":[27.6,37.8],"bezelBottomMinPx":248.3,"codeMarginPx":25.2,"framesPerSecond":64,"inside":"PASS"}
samples [ms, lookAz, lookAzMax, lookEl, bezelLeftPx, bezelBottomPx, frames]
[[1,0.0618,0.0641,0.0066,28.6,248.3,228],[254,0.0614,0.0636,0.0066,28.5,248.6,244],[503,0.061,0.0631,0.0066,28.4,248.8,260],[754,0.0606,0.0626,0.0066,28.3,249,276],[1005,0.0602,0.0622,0.0066,28.2,249.2,292],[1254,0.0599,0.0617,0.0066,28.2,249.5,308],[1504,0.0595,0.0613,0.0066,28.1,249.7,324],[1754,0.0592,0.0609,0.0066,28,249.9,340]]
[[2003,0.0588,0.0605,0.0066,28,250.2,356],[2253,0.0585,0.0602,0.0066,27.9,250.4,372],[2503,0.0582,0.0598,0.0066,27.9,250.6,388],[2754,0.0579,0.0595,0.0066,27.8,250.9,404],[3004,0.0576,0.0592,0.0066,27.8,251.1,420],[3254,0.0574,0.0589,0.0066,27.8,251.4,436],[3505,0.0572,0.0586,0.0066,27.7,251.6,452],[3755,0.0569,0.0584,0.0066,27.7,251.9,468]]
[[4003,0.0567,0.0582,0.0066,27.7,252.1,484],[4252,0.0566,0.058,0.0066,27.7,252.4,500],[4503,0.0564,0.0578,0.0066,27.7,252.6,516],[4754,0.0563,0.0577,0.0066,27.6,252.9,532],[5006,0.0561,0.0575,0.0066,27.6,253.1,548],[5253,0.056,0.0574,0.0066,27.6,253.4,564],[5504,0.056,0.0573,0.0066,27.6,253.6,580],[5754,0.0559,0.0573,0.0066,27.6,253.9,596]]
[[6004,0.0559,0.0573,0.0066,27.7,254.2,612],[6253,0.0559,0.0573,0.0066,27.7,254.4,628],[6503,0.0559,0.0573,0.0066,27.7,254.7,644],[6753,0.0559,0.0574,0.0066,27.7,255,660],[7004,0.056,0.0575,0.0066,27.7,255.2,676],[7255,0.0561,0.0576,0.0066,27.8,255.5,692],[7504,0.0562,0.0577,0.0066,27.8,255.8,708],[7753,0.0563,0.0579,0.0066,27.8,256,724]]
[[8004,0.0565,0.0581,0.0066,27.9,256.3,740],[8253,0.0566,0.0583,0.0066,27.9,256.6,756],[8504,0.0568,0.0586,0.0066,27.9,256.8,772],[8753,0.0571,0.0589,0.0066,28,257.1,788],[9005,0.0573,0.0591,0.0066,28.1,257.4,804],[9254,0.0576,0.0595,0.0066,28.1,257.7,820],[9504,0.0579,0.0598,0.0066,28.2,257.9,836],[9756,0.0582,0.0602,0.0066,28.3,258.2,852]]
[[10005,0.0585,0.0607,0.0066,28.3,258.5,868],[10253,0.0589,0.0611,0.0066,28.4,258.7,884],[10503,0.0593,0.0616,0.0066,28.5,259,900],[10754,0.0597,0.0621,0.0066,28.6,259.3,916],[11005,0.0601,0.0626,0.0066,28.7,259.5,932],[11255,0.0605,0.0632,0.0066,28.8,259.8,948],[11504,0.061,0.0638,0.0066,28.9,260.1,964],[11755,0.0615,0.0643,0.0066,29,260.3,980]]
[[12005,0.062,0.065,0.0066,29.1,260.6,996],[12253,0.0625,0.0656,0.0066,29.3,260.9,1012],[12503,0.063,0.0663,0.0066,29.4,261.1,1028],[12753,0.0635,0.067,0.0066,29.6,261.4,1044],[13003,0.0641,0.0677,0.0066,29.7,261.6,1060],[13253,0.0646,0.0684,0.0066,29.9,261.9,1076],[13505,0.0652,0.0692,0.0066,30.1,262.1,1092],[13754,0.0658,0.07,0.0066,30.2,262.4,1108]]
[[14004,0.0664,0.0708,0.0066,30.4,262.6,1124],[14254,0.067,0.0716,0.0066,30.6,262.8,1140],[14505,0.0676,0.0724,0.0066,30.9,263.1,1156],[14753,0.0683,0.0733,0.0066,31.1,263.3,1172],[15003,0.0689,0.0742,0.0066,31.3,263.5,1188],[15252,0.0695,0.0751,0.0066,31.6,263.7,1204],[15505,0.0702,0.076,0.0066,31.8,264,1220],[15753,0.0708,0.0769,0.0066,32.1,264.2,1236]]
[[16005,0.0714,0.0778,0.0066,32.4,264.4,1252],[16254,0.0721,0.0788,0.0066,32.6,264.6,1268],[16505,0.0727,0.0797,0.0066,32.9,264.8,1284],[16753,0.0734,0.0807,0.0066,33.3,264.9,1300],[17004,0.074,0.0817,0.0066,33.6,265.1,1316],[17254,0.0747,0.0827,0.0066,33.9,265.3,1332],[17505,0.0753,0.0837,0.0066,34.3,265.5,1348],[17755,0.0759,0.0847,0.0066,34.6,265.6,1364]]
[[18005,0.0766,0.0857,0.0066,35,265.8,1380],[18256,0.0772,0.0867,0.0066,35.4,266,1396],[18505,0.0778,0.0877,0.0066,35.7,266.1,1412],[18754,0.0784,0.0888,0.0066,36.1,266.2,1428],[19003,0.079,0.0898,0.0066,36.5,266.4,1444],[19255,0.0796,0.0908,0.0066,36.9,266.5,1460],[19505,0.0802,0.0919,0.0066,37.4,266.6,1476],[19755,0.0808,0.0929,0.0066,37.8,266.8,1492]]
release {"backWithin001ms":1462,"lookAz":0.0097,"lookEl":0.0066,"pc":null}
SUMMARY {"result":"PASS"}
