# look-click-off 2026-09-28T02:46:41.211Z renderer="ANGLE (Apple, ANGLE Metal Renderer: Apple M5 Pro, Unspecified Version) (scene canvas)" server=http://127.0.0.1:4322
== reduce 1440x900 renderer ANGLE (Apple, ANGLE Metal Renderer: Apple M5 Pro, Unspecified Version) (scene canvas)
PASS off: reducedMotion reduce {"env":{"motion":"off","able":true,"running":"false"},"label":"reduce","drag":[892.8,648,"->",532.8,648],"pickAtRelease":false,"maxAbsAz":0,"maxAbsEl":0,"rootCursors":["","pointer"],"quadMovedHoverPx":0,"quadMovedDragPx":0,"dragged":false,"running":"false","pc":null}
FAIL reduce: a drag from the room let go over the monitor does not enter {"from":[892.8,648],"releasedAt":[230.9,587.8],"distancePx":664.6,"pickAtRelease":true,"dragged":false,"pc":"read","url":"/prototype/?computer=work","scrolledPx":0}
PASS reduce: a click on the monitor still enters, without a flight {"cursorOverMonitor":"pointer","pcSequence":["read"]}
== switch 1440x900
PASS off: the Motion switch turned off {"env":{"motion":"off","stored":"off","aria":"false","running":"false"},"label":"switch off","drag":[892.8,648,"->",532.8,648],"pickAtRelease":false,"maxAbsAz":0,"maxAbsEl":0,"rootCursors":["","pointer"],"quadMovedHoverPx":0,"quadMovedDragPx":0,"dragged":false,"running":"false","pc":null}
PASS on again: the drag turns the view {"label":"switch on again","drag":[892.8,648,"->",532.8,648],"pickAtRelease":false,"maxAbsAz":0.0576,"maxAbsEl":0.0066,"rootCursors":["grab","pointer","grabbing"],"quadMovedHoverPx":21.7,"quadMovedDragPx":73.3,"dragged":true,"running":"true","pc":null}
FAIL switch off: a drag from the room let go over the monitor does not enter {"motion":"off","from":[892.8,648],"releasedAt":[237.7,598.8],"distancePx":657,"pickAtRelease":true,"dragged":false,"pc":"read","url":"/prototype/?computer=work","scrolledPx":0}
info switch off right after letting go (run 1) {"clickMs":35,"running":"false","restQuadLeftX":96.2,"heldQuadLeftX":31.9,"heldVsRestPx":74.1,"stillHeldAfter2300ms":0,"afterHoverVsRestPx":7.7,"jumpOnHoverPx":66.4,"lookAzVar":0,"stage":[1440,900]}
info switch off right after letting go (run 2) {"clickMs":33,"running":"false","restQuadLeftX":96.2,"heldQuadLeftX":31.9,"heldVsRestPx":74.1,"stillHeldAfter2300ms":0,"afterHoverVsRestPx":7.7,"jumpOnHoverPx":66.4,"lookAzVar":0,"stage":[1440,900]}
== reading 1440x900
PASS off: while the computer is open {"elementAtLeftMargin":"DIALOG","drags":[{"label":"beside the page","lookAz":0,"lookEl":0,"rootCursor":"","pc":"read"},{"label":"over the page","lookAz":0,"lookEl":0,"rootCursor":"","pc":"read"}],"rootPointerEvents":{},"pcAfter":"read"}
== stacked 1024x768
PASS off: a window that is not data-pc-able (1024x768) {"env":{"able":false,"running":"true","drawn":true},"stage":[0,299.5,1024,362.3],"label":"stacked","drag":[634.9,516.9,"->",994.9,516.9],"pickAtRelease":false,"maxAbsAz":0,"maxAbsEl":0,"rootCursors":[""],"quadMovedHoverPx":2.6,"quadMovedDragPx":4.7,"dragged":false,"running":"true","pc":null}
FAIL stacked: a drag from the room let go over the monitor does not scroll to #work {"from":[768,553.1],"releasedAt":[266.9,516.1],"distancePx":502.5,"pickAtRelease":true,"dragged":false,"pc":null,"url":"/prototype/?probe","scrolledPx":534}
info stacked monitor click {"quadCentre":[265.3,514.9],"inStage":true,"cursorOverMonitor":"pointer","afterClick":{"y":534,"pc":null,"work":128}}
== touch 390x844 hasTouch isMobile
PASS off: touch (390x844 hasTouch isMobile): a touch drag scrolls the page, not the view {"env":{"able":false,"coarse":true,"drawn":true,"scrollH":9611},"vertical":{"scrolledPx":285,"maxAbsLook":0,"rootCursor":"","dragged":false,"pc":null,"rootPointerEvents":{"pointerdown:touch":1,"pointermove:touch":1,"pointercancel:touch":1},"quadMovedPx":1.5},"sideways":{"scrolledPx":0,"maxAbsLook":0,"rootCursor":"","dragged":false,"pc":null,"rootPointerEvents":{"pointerdown:touch":1,"pointermove:touch":1,"pointercancel:touch":1},"quadMovedPx":1.3},"synthesizeScrollGesture":{"scrolledPx":301,"lookAz":0,"lookEl":0,"dragged":false,"rootPointerEvents":{"pointerdown:touch":1,"pointermove:touch":2,"pointercancel:touch":1}}}
== touch 1440x900 hasTouch
PASS off: touch (1440x900 hasTouch): a touch drag scrolls the page, not the view {"env":{"able":true,"coarse":true,"drawn":true,"scrollH":5681},"vertical":{"scrolledPx":285,"maxAbsLook":0,"rootCursor":"","dragged":false,"pc":null,"rootPointerEvents":{"pointerdown:touch":1,"pointermove:touch":1,"pointercancel:touch":1},"quadMovedPx":5.1},"sideways":{"scrolledPx":0,"maxAbsLook":0,"rootCursor":"","dragged":false,"pc":null,"rootPointerEvents":{"pointerdown:touch":1,"pointermove:touch":1,"pointercancel:touch":1},"quadMovedPx":4.3},"synthesizeScrollGesture":{"scrolledPx":302,"lookAz":0,"lookEl":0,"dragged":false,"rootPointerEvents":{"pointerdown:touch":1,"pointermove:touch":2,"pointercancel:touch":1}}}
SUMMARY {"checks":11,"failed":3,"result":"FAIL","failures":["reduce: a drag from the room let go over the monitor does not enter","switch off: a drag from the room let go over the monitor does not enter","stacked: a drag from the room let go over the monitor does not scroll to #work"]}
